class BsonProvider
    static member GetSamples: () -> BsonProvider+Root[]
    static member ReadAll: stream:System.IO.Stream -> BsonProvider+Root[]

class BsonProvider+Root : BsonProvider.Runtime.IBsonTop
    new : fieldSingle:string[] -> fieldMultiple:string[] -> fieldOptionalSingle:string[] -> BsonProvider+Root
    new : bsonValue:MongoDB.Bson.BsonValue -> BsonProvider+Root
    member FieldMultiple: string[] with get
    member FieldOptionalSingle: string[] with get
    member FieldSingle: string[] with get
