class BsonProvider
    static member GetSamples: () -> BsonProvider+Root[]
    static member ReadAll: stream:System.IO.Stream -> BsonProvider+Root[]

class BsonProvider+Root : BsonProvider.Runtime.IBsonTop
    new : field:int option[] -> BsonProvider+Root
    new : bsonValue:MongoDB.Bson.BsonValue -> BsonProvider+Root
    member Field: int option[] with get
