class BsonProvider
    static member GetSamples: () -> BsonProvider+Root[]
    static member ReadAll: stream:System.IO.Stream -> BsonProvider+Root[]

class BsonProvider+Root : BsonProvider.Runtime.IBsonTop
    new : bsonValue:MongoDB.Bson.BsonValue -> BsonProvider+Root
    new : fieldSingle:float[] -> fieldMultiple:float[] -> fieldOptionalSingle:float[] -> BsonProvider+Root
    member FieldMultiple: float[] with get
    member FieldOptionalSingle: float[] with get
    member FieldSingle: float[] with get
